Archive member included to satisfy reference by file (symbol)

D:/Programs/Education/STM32/Tools/Xpack/bin/../lib/gcc/arm-none-eabi/13.2.1/../../../../arm-none-eabi/lib/thumb/v7-m/nofp\libc_nano.a(libc_a-atexit.o)
                              D:/Programs/Education/STM32/Tools/Xpack/bin/../lib/gcc/arm-none-eabi/13.2.1/../../../../arm-none-eabi/lib/thumb/v7-m/nofp/crt0.o (atexit)
D:/Programs/Education/STM32/Tools/Xpack/bin/../lib/gcc/arm-none-eabi/13.2.1/../../../../arm-none-eabi/lib/thumb/v7-m/nofp\libc_nano.a(libc_a-exit.o)
                              D:/Programs/Education/STM32/Tools/Xpack/bin/../lib/gcc/arm-none-eabi/13.2.1/../../../../arm-none-eabi/lib/thumb/v7-m/nofp/crt0.o (exit)
D:/Programs/Education/STM32/Tools/Xpack/bin/../lib/gcc/arm-none-eabi/13.2.1/../../../../arm-none-eabi/lib/thumb/v7-m/nofp\libc_nano.a(libc_a-findfp.o)
                              D:/Programs/Education/STM32/Tools/Xpack/bin/../lib/gcc/arm-none-eabi/13.2.1/../../../../arm-none-eabi/lib/thumb/v7-m/nofp\libc_nano.a(libc_a-exit.o) (__stdio_exit_handler)
D:/Programs/Education/STM32/Tools/Xpack/bin/../lib/gcc/arm-none-eabi/13.2.1/../../../../arm-none-eabi/lib/thumb/v7-m/nofp\libc_nano.a(libc_a-fwalk.o)
                              D:/Programs/Education/STM32/Tools/Xpack/bin/../lib/gcc/arm-none-eabi/13.2.1/../../../../arm-none-eabi/lib/thumb/v7-m/nofp\libc_nano.a(libc_a-findfp.o) (_fwalk_sglue)
D:/Programs/Education/STM32/Tools/Xpack/bin/../lib/gcc/arm-none-eabi/13.2.1/../../../../arm-none-eabi/lib/thumb/v7-m/nofp\libc_nano.a(libc_a-stdio.o)
                              D:/Programs/Education/STM32/Tools/Xpack/bin/../lib/gcc/arm-none-eabi/13.2.1/../../../../arm-none-eabi/lib/thumb/v7-m/nofp\libc_nano.a(libc_a-findfp.o) (__sread)
D:/Programs/Education/STM32/Tools/Xpack/bin/../lib/gcc/arm-none-eabi/13.2.1/../../../../arm-none-eabi/lib/thumb/v7-m/nofp\libc_nano.a(libc_a-memset.o)
                              D:/Programs/Education/STM32/Tools/Xpack/bin/../lib/gcc/arm-none-eabi/13.2.1/../../../../arm-none-eabi/lib/thumb/v7-m/nofp/crt0.o (memset)
D:/Programs/Education/STM32/Tools/Xpack/bin/../lib/gcc/arm-none-eabi/13.2.1/../../../../arm-none-eabi/lib/thumb/v7-m/nofp\libc_nano.a(libc_a-closer.o)
                              D:/Programs/Education/STM32/Tools/Xpack/bin/../lib/gcc/arm-none-eabi/13.2.1/../../../../arm-none-eabi/lib/thumb/v7-m/nofp\libc_nano.a(libc_a-stdio.o) (_close_r)
D:/Programs/Education/STM32/Tools/Xpack/bin/../lib/gcc/arm-none-eabi/13.2.1/../../../../arm-none-eabi/lib/thumb/v7-m/nofp\libc_nano.a(libc_a-reent.o)
                              D:/Programs/Education/STM32/Tools/Xpack/bin/../lib/gcc/arm-none-eabi/13.2.1/../../../../arm-none-eabi/lib/thumb/v7-m/nofp\libc_nano.a(libc_a-closer.o) (errno)
D:/Programs/Education/STM32/Tools/Xpack/bin/../lib/gcc/arm-none-eabi/13.2.1/../../../../arm-none-eabi/lib/thumb/v7-m/nofp\libc_nano.a(libc_a-impure.o)
                              D:/Programs/Education/STM32/Tools/Xpack/bin/../lib/gcc/arm-none-eabi/13.2.1/../../../../arm-none-eabi/lib/thumb/v7-m/nofp\libc_nano.a(libc_a-reent.o) (_impure_ptr)
D:/Programs/Education/STM32/Tools/Xpack/bin/../lib/gcc/arm-none-eabi/13.2.1/../../../../arm-none-eabi/lib/thumb/v7-m/nofp\libc_nano.a(libc_a-lseekr.o)
                              D:/Programs/Education/STM32/Tools/Xpack/bin/../lib/gcc/arm-none-eabi/13.2.1/../../../../arm-none-eabi/lib/thumb/v7-m/nofp\libc_nano.a(libc_a-stdio.o) (_lseek_r)
D:/Programs/Education/STM32/Tools/Xpack/bin/../lib/gcc/arm-none-eabi/13.2.1/../../../../arm-none-eabi/lib/thumb/v7-m/nofp\libc_nano.a(libc_a-readr.o)
                              D:/Programs/Education/STM32/Tools/Xpack/bin/../lib/gcc/arm-none-eabi/13.2.1/../../../../arm-none-eabi/lib/thumb/v7-m/nofp\libc_nano.a(libc_a-stdio.o) (_read_r)
D:/Programs/Education/STM32/Tools/Xpack/bin/../lib/gcc/arm-none-eabi/13.2.1/../../../../arm-none-eabi/lib/thumb/v7-m/nofp\libc_nano.a(libc_a-writer.o)
                              D:/Programs/Education/STM32/Tools/Xpack/bin/../lib/gcc/arm-none-eabi/13.2.1/../../../../arm-none-eabi/lib/thumb/v7-m/nofp\libc_nano.a(libc_a-stdio.o) (_write_r)
D:/Programs/Education/STM32/Tools/Xpack/bin/../lib/gcc/arm-none-eabi/13.2.1/../../../../arm-none-eabi/lib/thumb/v7-m/nofp\libc_nano.a(libc_a-errno.o)
                              build_F103C8/syscalls.o (__errno)
D:/Programs/Education/STM32/Tools/Xpack/bin/../lib/gcc/arm-none-eabi/13.2.1/../../../../arm-none-eabi/lib/thumb/v7-m/nofp\libc_nano.a(libc_a-init.o)
                              D:/Programs/Education/STM32/Tools/Xpack/bin/../lib/gcc/arm-none-eabi/13.2.1/../../../../arm-none-eabi/lib/thumb/v7-m/nofp/crt0.o (__libc_init_array)
D:/Programs/Education/STM32/Tools/Xpack/bin/../lib/gcc/arm-none-eabi/13.2.1/../../../../arm-none-eabi/lib/thumb/v7-m/nofp\libc_nano.a(libc_a-fini.o)
[...]
Memory Configuration

Name             Origin             Length             Attributes
RAM              0x20000000         0x00005000         xrw
FLASH            0x08000000         0x00010000         xr
*default*        0x00000000         0xffffffff

Linker script and memory map

LOAD D:/Programs/Education/STM32/Tools/Xpack/bin/../lib/gcc/arm-none-eabi/13.2.1/thumb/v7-m/nofp/crti.o
LOAD D:/Programs/Education/STM32/Tools/Xpack/bin/../lib/gcc/arm-none-eabi/13.2.1/thumb/v7-m/nofp/crtbegin.o
LOAD D:/Programs/Education/STM32/Tools/Xpack/bin/../lib/gcc/arm-none-eabi/13.2.1/../../../../arm-none-eabi/lib/thumb/v7-m/nofp/crt0.o
LOAD build_F103C8/system_stm32f1xx.o
LOAD build_F103C8/syscalls.o
LOAD build_F103C8/sysmem.o
LOAD build_F103C8/main.o
LOAD build_F103C8/simulation.o
LOAD build_F103C8/startup_stm32f103xb.o
LOAD D:/Programs/Education/STM32/Tools/Xpack/bin/../lib/gcc/arm-none-eabi/13.2.1/../../../../arm-none-eabi/lib/thumb/v7-m/nofp\libc_nano.a
LOAD D:/Programs/Education/STM32/Tools/Xpack/bin/../lib/gcc/arm-none-eabi/13.2.1/../../../../arm-none-eabi/lib/thumb/v7-m/nofp\libm.a
LOAD D:/Programs/Education/STM32/Tools/Xpack/bin/../lib/gcc/arm-none-eabi/13.2.1/../../../../arm-none-eabi/lib/thumb/v7-m/nofp\libnosys.a
START GROUP
LOAD D:/Programs/Education/STM32/Tools/Xpack/bin/../lib/gcc/arm-none-eabi/13.2.1/thumb/v7-m/nofp\libgcc.a
LOAD D:/Programs/Education/STM32/Tools/Xpack/bin/../lib/gcc/arm-none-eabi/13.2.1/../../../../arm-none-eabi/lib/thumb/v7-m/nofp\libc_nano.a
END GROUP
START GROUP
LOAD D:/Programs/Education/STM32/Tools/Xpack/bin/../lib/gcc/arm-none-eabi/13.2.1/thumb/v7-m/nofp\libgcc.a
LOAD D:/Programs/Education/STM32/Tools/Xpack/bin/../lib/gcc/arm-none-eabi/13.2.1/../../../../arm-none-eabi/lib/thumb/v7-m/nofp\libc_nano.a
END GROUP
LOAD D:/Programs/Education/STM32/Tools/Xpack/bin/../lib/gcc/arm-none-eabi/13.2.1/thumb/v7-m/nofp/crtend.o
LOAD D:/Programs/Education/STM32/Tools/Xpack/bin/../lib/gcc/arm-none-eabi/13.2.1/thumb/v7-m/nofp/crtn.o
                0x20005000                        _estack = (ORIGIN (RAM) + LENGTH (RAM))
                0x00000200                        _Min_Heap_Size = 0x200
                0x00000400                        _Min_Stack_Size = 0x400

.isr_vector     0x08000000      0x10c
                0x08000000                        . = ALIGN (0x4)
 *(.isr_vector)
 .isr_vector    0x08000000      0x10c build_F103C8/startup_stm32f103xb.o
                0x08000000                g_pfnVectors
                0x0800010c                        . = ALIGN (0x4)

.text           0x0800010c      0x6bc
                0x0800010c                        . = ALIGN (0x4)
 *(.text)
 .text          0x0800010c      0x21c D:/Programs/Education/STM32/Tools/Xpack/bin/../lib/gcc/arm-none-eabi/13.2.1/thumb/v7-m/nofp\libgcc.a(_arm_addsubsf3.o)
                0x0800010c                __aeabi_frsub
                0x08000114                __subsf3
                0x08000114                __aeabi_fsub
                0x08000118                __aeabi_fadd
                0x08000118                __addsf3
                0x08000278                __aeabi_ui2f
                0x08000278                __floatunsisf
                0x08000280                __aeabi_i2f
                0x08000280                __floatsisf
                0x0800029c                __aeabi_ul2f
                0x0800029c                __floatundisf
                0x080002ac                __aeabi_l2f
                0x080002ac                __floatdisf
 .text          0x08000328      0x2a0 D:/Programs/Education/STM32/Tools/Xpack/bin/../lib/gcc/arm-none-eabi/13.2.1/thumb/v7-m/nofp\libgcc.a(_arm_muldivsf3.o)
                0x08000328                __mulsf3
                0x08000328                __aeabi_fmul
                0x08000490                __aeabi_fdiv
                0x08000490                __divsf3
 *(.text*)
 .text.__do_global_dtors_aux
                0x080005c8       0x24 D:/Programs/Education/STM32/Tools/Xpack/bin/../lib/gcc/arm-none-eabi/13.2.1/thumb/v7-m/nofp/crtbegin.o
 .text.frame_dummy
                0x080005ec       0x1c D:/Programs/Education/STM32/Tools/Xpack/bin/../lib/gcc/arm-none-eabi/13.2.1/thumb/v7-m/nofp/crtbegin.o
 .text.SystemInit
                0x08000608        0x2 build_F103C8/system_stm32f1xx.o
                0x08000608                SystemInit
 *fill*         0x0800060a        0x2 
 .text.SysTick_Handler
                0x0800060c       0x30 build_F103C8/main.o
                0x0800060c                SysTick_Handler
 .text.SysTick_Init
                0x0800063c       0x14 build_F103C8/main.o
                0x0800063c                SysTick_Init
 .text.main     0x08000650       0x40 build_F103C8/main.o
                0x08000650                main
 .text.SecondOrder_Init
                0x08000690        0xc build_F103C8/simulation.o
                0x08000690                SecondOrder_Init
 .text.SecondOrder_Update
                0x0800069c       0x80 build_F103C8/simulation.o
                0x0800069c                SecondOrder_Update
 .text.Reset_Handler
                0x0800071c       0x48 build_F103C8/startup_stm32f103xb.o
                0x0800071c                Reset_Handler
 .text.Default_Handler
                0x08000764        0x2 build_F103C8/startup_stm32f103xb.o
                0x08000764                RTC_Alarm_IRQHandler
                0x08000764                EXTI2_IRQHandler
                0x08000764                DebugMon_Handler
                0x08000764                TIM1_CC_IRQHandler
                0x08000764                HardFault_Handler
                0x08000764                PVD_IRQHandler
                0x08000764                PendSV_Handler
                0x08000764                NMI_Handler
                0x08000764                EXTI3_IRQHandler
                0x08000764                EXTI0_IRQHandler
                0x08000764                I2C2_EV_IRQHandler
                0x08000764                UsageFault_Handler
                0x08000764                ADC1_2_IRQHandler
                0x08000764                SPI1_IRQHandler
                0x08000764                TAMPER_IRQHandler
                0x08000764                DMA1_Channel4_IRQHandler
                0x08000764                USART3_IRQHandler
                0x08000764                RTC_IRQHandler
                0x08000764                DMA1_Channel7_IRQHandler
                0x08000764                CAN1_RX1_IRQHandler
                0x08000764                TIM4_IRQHandler
                0x08000764                I2C1_EV_IRQHandler
                0x08000764                DMA1_Channel6_IRQHandler
                0x08000764                TIM3_IRQHandler
                0x08000764                RCC_IRQHandler
                0x08000764                TIM1_TRG_COM_IRQHandler
                0x08000764                DMA1_Channel1_IRQHandler
                0x08000764                Default_Handler
                0x08000764                EXTI15_10_IRQHandler
                0x08000764                EXTI9_5_IRQHandler
                0x08000764                SPI2_IRQHandler
                0x08000764                MemManage_Handler
                0x08000764                SVC_Handler
                0x08000764                DMA1_Channel5_IRQHandler
                0x08000764                EXTI4_IRQHandler
                0x08000764                USB_LP_CAN1_RX0_IRQHandler
                0x08000764                USB_HP_CAN1_TX_IRQHandler
                0x08000764                DMA1_Channel3_IRQHandler
                0x08000764                TIM1_UP_IRQHandler
                0x08000764                WWDG_IRQHandler
                0x08000764                TIM2_IRQHandler
                0x08000764                TIM1_BRK_IRQHandler
                0x08000764                EXTI1_IRQHandler
                0x08000764                USART2_IRQHandler
                0x08000764                I2C2_ER_IRQHandler
                0x08000764                DMA1_Channel2_IRQHandler
                0x08000764                CAN1_SCE_IRQHandler
                0x08000764                FLASH_IRQHandler
                0x08000764                BusFault_Handler
                0x08000764                USART1_IRQHandler
                0x08000764                I2C1_ER_IRQHandler
                0x08000764                USBWakeUp_IRQHandler
 *fill*         0x08000766        0x2 
 .text.__libc_init_array
                0x08000768       0x48 D:/Programs/Education/STM32/Tools/Xpack/bin/../lib/gcc/arm-none-eabi/13.2.1/../../../../arm-none-eabi/lib/thumb/v7-m/nofp\libc_nano.a(libc_a-init.o)
                0x08000768                __libc_init_array
 *(.glue_7)
 .glue_7        0x080007b0        0x0 linker stubs
 *(.glue_7t)
 .glue_7t       0x080007b0        0x0 linker stubs
 *(.eh_frame)
 .eh_frame      0x080007b0        0x0 D:/Programs/Education/STM32/Tools/Xpack/bin/../lib/gcc/arm-none-eabi/13.2.1/thumb/v7-m/nofp/crtbegin.o
 *(.init)
 .init          0x080007b0        0x4 D:/Programs/Education/STM32/Tools/Xpack/bin/../lib/gcc/arm-none-eabi/13.2.1/thumb/v7-m/nofp/crti.o
                0x080007b0                _init
 .init          0x080007b4        0x8 D:/Programs/Education/STM32/Tools/Xpack/bin/../lib/gcc/arm-none-eabi/13.2.1/thumb/v7-m/nofp/crtn.o
 *(.fini)
 .fini          0x080007bc        0x4 D:/Programs/Education/STM32/Tools/Xpack/bin/../lib/gcc/arm-none-eabi/13.2.1/thumb/v7-m/nofp/crti.o
                0x080007bc                _fini
 .fini          0x080007c0        0x8 D:/Programs/Education/STM32/Tools/Xpack/bin/../lib/gcc/arm-none-eabi/13.2.1/thumb/v7-m/nofp/crtn.o
                0x080007c8                        . = ALIGN (0x4)
                0x080007c8                        _etext = .

.vfp11_veneer   0x080007c8        0x0
 .vfp11_veneer  0x080007c8        0x0 linker stubs

.v4_bx          0x080007c8        0x0
 .v4_bx         0x080007c8        0x0 linker stubs

.iplt           0x080007c8        0x0
 .iplt          0x080007c8        0x0 D:/Programs/Education/STM32/Tools/Xpack/bin/../lib/gcc/arm-none-eabi/13.2.1/thumb/v7-m/nofp/crtbegin.o

.rel.dyn        0x080007c8        0x0
 .rel.iplt      0x080007c8        0x0 D:/Programs/Education/STM32/Tools/Xpack/bin/../lib/gcc/arm-none-eabi/13.2.1/thumb/v7-m/nofp/crtbegin.o

.rodata         0x080007c8        0x0
                0x080007c8                        . = ALIGN (0x4)
 *(.rodata)
 *(.rodata*)
                0x080007c8                        . = ALIGN (0x4)

.ARM.extab
 *(.ARM.extab* .gnu.linkonce.armextab.*)

.ARM            0x080007c8        0x0
                0x080007c8                        __exidx_start = .
 *(.ARM.exidx*)
                0x080007c8                        __exidx_end = .

.preinit_array  0x080007c8        0x0
                0x080007c8                        PROVIDE (__preinit_array_start = .)
 *(.preinit_array*)
                0x080007c8                        PROVIDE (__preinit_array_end = .)

.init_array     0x080007c8        0x4
                0x080007c8                        PROVIDE (__init_array_start = .)
 *(SORT_BY_NAME(.init_array.*))
 *(.init_array*)
 .init_array    0x080007c8        0x4 D:/Programs/Education/STM32/Tools/Xpack/bin/../lib/gcc/arm-none-eabi/13.2.1/thumb/v7-m/nofp/crtbegin.o
                0x080007cc                        PROVIDE (__init_array_end = .)

.fini_array     0x080007cc        0x4
                0x080007cc                        PROVIDE (__fini_array_start = .)
 *(SORT_BY_NAME(.fini_array.*))
 *(.fini_array*)
 .fini_array    0x080007cc        0x4 D:/Programs/Education/STM32/Tools/Xpack/bin/../lib/gcc/arm-none-eabi/13.2.1/thumb/v7-m/nofp/crtbegin.o
                0x080007d0                        PROVIDE (__fini_array_end = .)
                0x080007d0                        _sidata = LOADADDR (.data)

.data           0x20000000       0x14 load address 0x080007d0
                0x20000000                        . = ALIGN (0x4)
                0x20000000                        _sdata = .
 *(.data)
 *(.data*)
 .data.params   0x20000000       0x14 build_F103C8/main.o
                0x20000000                params
                0x20000014                        . = ALIGN (0x4)
                0x20000014                        _edata = .

.igot.plt       0x20000014        0x0 load address 0x080007e4
 .igot.plt      0x20000014        0x0 D:/Programs/Education/STM32/Tools/Xpack/bin/../lib/gcc/arm-none-eabi/13.2.1/thumb/v7-m/nofp/crtbegin.o
                0x20000014                        . = ALIGN (0x4)

.bss            0x20000014       0x34 load address 0x080007e4
                0x20000014                        _sbss = .
                0x20000014                        __bss_start__ = _sbss
 *(.bss)
 *(.bss*)
 .bss.completed.1
                0x20000014        0x1 D:/Programs/Education/STM32/Tools/Xpack/bin/../lib/gcc/arm-none-eabi/13.2.1/thumb/v7-m/nofp/crtbegin.o
 *fill*         0x20000015        0x3 
 .bss.object.0  0x20000018       0x18 D:/Programs/Education/STM32/Tools/Xpack/bin/../lib/gcc/arm-none-eabi/13.2.1/thumb/v7-m/nofp/crtbegin.o
 .bss.current_output
                0x20000030        0x4 build_F103C8/main.o
                0x20000030                current_output
 .bss.simulation_time
                0x20000034        0x4 build_F103C8/main.o
                0x20000034                simulation_time
 .bss.state     0x20000038       0x10 build_F103C8/main.o
                0x20000038                state
 *(COMMON)
                0x20000048                        . = ALIGN (0x4)
                0x20000048                        _ebss = .
                0x20000048                        __bss_end__ = _ebss

._user_heap_stack
                0x20000048      0x600 load address 0x080007e4
                0x20000048                        . = ALIGN (0x8)
                [!provide]                        PROVIDE (end = .)
                0x20000048                        PROVIDE (_end = .)
                0x20000248                        . = (. + _Min_Heap_Size)
 *fill*         0x20000048      0x200 
                0x20000648                        . = (. + _Min_Stack_Size)
 *fill*         0x20000248      0x400 
                0x20000648                        . = ALIGN (0x8)

/DISCARD/
 libc.a(*)
 libm.a(*)
 libgcc.a(*)

.ARM.attributes
                0x00000000       0x29
 *(.ARM.attributes)
 .ARM.attributes
                0x00000000       0x1d D:/Programs/Education/STM32/Tools/Xpack/bin/../lib/gcc/arm-none-eabi/13.2.1/thumb/v7-m/nofp/crti.o
 .ARM.attributes
                0x0000001d       0x2d D:/Programs/Education/STM32/Tools/Xpack/bin/../lib/gcc/arm-none-eabi/13.2.1/thumb/v7-m/nofp/crtbegin.o
 .ARM.attributes
                0x0000004a       0x2d build_F103C8/system_stm32f1xx.o
 .ARM.attributes
                0x00000077       0x2d build_F103C8/main.o
 .ARM.attributes
                0x000000a4       0x2d build_F103C8/simulation.o
 .ARM.attributes
                0x000000d1       0x21 build_F103C8/startup_stm32f103xb.o
 .ARM.attributes
                0x000000f2       0x2d D:/Programs/Education/STM32/Tools/Xpack/bin/../lib/gcc/arm-none-eabi/13.2.1/../../../../arm-none-eabi/lib/thumb/v7-m/nofp\libc_nano.a(libc_a-init.o)
 .ARM.attributes
                0x0000011f       0x1d D:/Programs/Education/STM32/Tools/Xpack/bin/../lib/gcc/arm-none-eabi/13.2.1/thumb/v7-m/nofp\libgcc.a(_arm_addsubsf3.o)
 .ARM.attributes
                0x0000013c       0x1d D:/Programs/Education/STM32/Tools/Xpack/bin/../lib/gcc/arm-none-eabi/13.2.1/thumb/v7-m/nofp\libgcc.a(_arm_muldivsf3.o)
 .ARM.attributes
                0x00000159       0x1d D:/Programs/Education/STM32/Tools/Xpack/bin/../lib/gcc/arm-none-eabi/13.2.1/thumb/v7-m/nofp/crtn.o
OUTPUT(build_F103C8/STM32F103C8.elf elf32-littlearm)
LOAD linker stubs
LOAD D:/Programs/Education/STM32/Tools/Xpack/bin/../lib/gcc/arm-none-eabi/13.2.1/../../../../arm-none-eabi/lib/thumb/v7-m/nofp\libc.a
LOAD D:/Programs/Education/STM32/Tools/Xpack/bin/../lib/gcc/arm-none-eabi/13.2.1/../../../../arm-none-eabi/lib/thumb/v7-m/nofp\libm.a
LOAD D:/Programs/Education/STM32/Tools/Xpack/bin/../lib/gcc/arm-none-eabi/13.2.1/thumb/v7-m/nofp\libgcc.a

.comment        0x00000000       0x39
 .comment       0x00000000       0x39 D:/Programs/Education/STM32/Tools/Xpack/bin/../lib/gcc/arm-none-eabi/13.2.1/thumb/v7-m/nofp/crtbegin.o
                                 0x3a (size before relaxing)
 .comment       0x00000039       0x3a build_F103C8/system_stm32f1xx.o
 .comment       0x00000039       0x3a build_F103C8/main.o
 .comment       0x00000039       0x3a build_F103C8/simulation.o
 .comment       0x00000039       0x3a D:/Programs/Education/STM32/Tools/Xpack/bin/../lib/gcc/arm-none-eabi/13.2.1/../../../../arm-none-eabi/lib/thumb/v7-m/nofp\libc_nano.a(libc_a-init.o)

.debug_info     0x00000000      0xae8
 .debug_info    0x00000000      0x267 build_F103C8/system_stm32f1xx.o
 .debug_info    0x00000267      0x3ad build_F103C8/main.o
 .debug_info    0x00000614      0x383 build_F103C8/simulation.o
 .debug_info    0x00000997       0x30 build_F103C8/startup_stm32f103xb.o
 .debug_info    0x000009c7       0xca D:/Programs/Education/STM32/Tools/Xpack/bin/../lib/gcc/arm-none-eabi/13.2.1/thumb/v7-m/nofp\libgcc.a(_arm_addsubsf3.o)
 .debug_info    0x00000a91       0x57 D:/Programs/Education/STM32/Tools/Xpack/bin/../lib/gcc/arm-none-eabi/13.2.1/thumb/v7-m/nofp\libgcc.a(_arm_muldivsf3.o)

.debug_abbrev   0x00000000      0x474
 .debug_abbrev  0x00000000      0x140 build_F103C8/system_stm32f1xx.o
 .debug_abbrev  0x00000140      0x1b6 build_F103C8/main.o
 .debug_abbrev  0x000002f6      0x111 build_F103C8/simulation.o
 .debug_abbrev  0x00000407       0x1d build_F103C8/startup_stm32f103xb.o
 .debug_abbrev  0x00000424       0x28 D:/Programs/Education/STM32/Tools/Xpack/bin/../lib/gcc/arm-none-eabi/13.2.1/thumb/v7-m/nofp\libgcc.a(_arm_addsubsf3.o)
 .debug_abbrev  0x0000044c       0x28 D:/Programs/Education/STM32/Tools/Xpack/bin/../lib/gcc/arm-none-eabi/13.2.1/thumb/v7-m/nofp\libgcc.a(_arm_muldivsf3.o)

.debug_loc      0x00000000      0x2c1
 .debug_loc     0x00000000      0x11b build_F103C8/system_stm32f1xx.o
 .debug_loc     0x0000011b       0x40 build_F103C8/main.o
 .debug_loc     0x0000015b      0x166 build_F103C8/simulation.o

.debug_aranges  0x00000000       0xf8
 .debug_aranges
                0x00000000       0x28 build_F103C8/system_stm32f1xx.o
 .debug_aranges
                0x00000028       0x30 build_F103C8/main.o
 .debug_aranges
                0x00000058       0x38 build_F103C8/simulation.o
 .debug_aranges
                0x00000090       0x28 build_F103C8/startup_stm32f103xb.o
 .debug_aranges
                0x000000b8       0x20 D:/Programs/Education/STM32/Tools/Xpack/bin/../lib/gcc/arm-none-eabi/13.2.1/thumb/v7-m/nofp\libgcc.a(_arm_addsubsf3.o)
 .debug_aranges
                0x000000d8       0x20 D:/Programs/Education/STM32/Tools/Xpack/bin/../lib/gcc/arm-none-eabi/13.2.1/thumb/v7-m/nofp\libgcc.a(_arm_muldivsf3.o)

.debug_ranges   0x00000000       0x80
 .debug_ranges  0x00000000       0x18 build_F103C8/system_stm32f1xx.o
 .debug_ranges  0x00000018       0x20 build_F103C8/main.o
 .debug_ranges  0x00000038       0x28 build_F103C8/simulation.o
 .debug_ranges  0x00000060       0x20 build_F103C8/startup_stm32f103xb.o

.debug_line     0x00000000      0x864
 .debug_line    0x00000000      0x240 build_F103C8/system_stm32f1xx.o
 .debug_line    0x00000240      0x20d build_F103C8/main.o
 .debug_line    0x0000044d      0x167 build_F103C8/simulation.o
 .debug_line    0x000005b4       0x8a build_F103C8/startup_stm32f103xb.o
 .debug_line    0x0000063e      0x103 D:/Programs/Education/STM32/Tools/Xpack/bin/../lib/gcc/arm-none-eabi/13.2.1/thumb/v7-m/nofp\libgcc.a(_arm_addsubsf3.o)
 .debug_line    0x00000741      0x123 D:/Programs/Education/STM32/Tools/Xpack/bin/../lib/gcc/arm-none-eabi/13.2.1/thumb/v7-m/nofp\libgcc.a(_arm_muldivsf3.o)

.debug_str      0x00000000      0x55b
 .debug_str     0x00000000      0x55b build_F103C8/system_stm32f1xx.o
                                0x22b (size before relaxing)
 .debug_str     0x0000055b      0x284 build_F103C8/main.o
 .debug_str     0x0000055b      0x1e3 build_F103C8/simulation.o
 .debug_str     0x0000055b       0x74 build_F103C8/startup_stm32f103xb.o
 .debug_str     0x0000055b      0x1c1 D:/Programs/Education/STM32/Tools/Xpack/bin/../lib/gcc/arm-none-eabi/13.2.1/thumb/v7-m/nofp\libgcc.a(_arm_addsubsf3.o)
 .debug_str     0x0000055b      0x14d D:/Programs/Education/STM32/Tools/Xpack/bin/../lib/gcc/arm-none-eabi/13.2.1/thumb/v7-m/nofp\libgcc.a(_arm_muldivsf3.o)

.debug_frame    0x00000000      0x178
 .debug_frame   0x00000000       0x30 build_F103C8/system_stm32f1xx.o
 .debug_frame   0x00000030       0x50 build_F103C8/main.o
 .debug_frame   0x00000080       0x74 build_F103C8/simulation.o
 .debug_frame   0x000000f4       0x4c D:/Programs/Education/STM32/Tools/Xpack/bin/../lib/gcc/arm-none-eabi/13.2.1/thumb/v7-m/nofp\libgcc.a(_arm_addsubsf3.o)
 .debug_frame   0x00000140       0x38 D:/Programs/Education/STM32/Tools/Xpack/bin/../lib/gcc/arm-none-eabi/13.2.1/thumb/v7-m/nofp\libgcc.a(_arm_muldivsf3.o)

.debug_line_str
                0x00000000      0x113
 .debug_line_str
                0x00000000      0x113 D:/Programs/Education/STM32/Tools/Xpack/bin/../lib/gcc/arm-none-eabi/13.2.1/thumb/v7-m/nofp\libgcc.a(_arm_addsubsf3.o)
 .debug_line_str
                0x00000113      0x113 D:/Programs/Education/STM32/Tools/Xpack/bin/../lib/gcc/arm-none-eabi/13.2.1/thumb/v7-m/nofp\libgcc.a(_arm_muldivsf3.o)

Cross Reference Table

Symbol                                            File
ADC1_2_IRQHandler                                 build_F103C8/startup_stm32f103xb.o
AHBPrescTable                                     build_F103C8/system_stm32f1xx.o
APBPrescTable                                     build_F103C8/system_stm32f1xx.o
BusFault_Handler                                  build_F103C8/startup_stm32f103xb.o
CAN1_RX1_IRQHandler                               build_F103C8/startup_stm32f103xb.o
CAN1_SCE_IRQHandler                               build_F103C8/startup_stm32f103xb.o
DMA1_Channel1_IRQHandler                          build_F103C8/startup_stm32f103xb.o
DMA1_Channel2_IRQHandler                          build_F103C8/startup_stm32f103xb.o
DMA1_Channel3_IRQHandler                          build_F103C8/startup_stm32f103xb.o
DMA1_Channel4_IRQHandler                          build_F103C8/startup_stm32f103xb.o
DMA1_Channel5_IRQHandler                          build_F103C8/startup_stm32f103xb.o
DMA1_Channel6_IRQHandler                          build_F103C8/startup_stm32f103xb.o
DMA1_Channel7_IRQHandler                          build_F103C8/startup_stm32f103xb.o
DebugMon_Handler                                  build_F103C8/startup_stm32f103xb.o
Default_Handler                                   build_F103C8/startup_stm32f103xb.o
EXTI0_IRQHandler                                  build_F103C8/startup_stm32f103xb.o
EXTI15_10_IRQHandler                              build_F103C8/startup_stm32f103xb.o
EXTI1_IRQHandler                                  build_F103C8/startup_stm32f103xb.o
EXTI2_IRQHandler                                  build_F103C8/startup_stm32f103xb.o
EXTI3_IRQHandler                                  build_F103C8/startup_stm32f103xb.o
EXTI4_IRQHandler                                  build_F103C8/startup_stm32f103xb.o
EXTI9_5_IRQHandler                                build_F103C8/startup_stm32f103xb.o
FLASH_IRQHandler                                  build_F103C8/startup_stm32f103xb.o
FirstOrder_Init                                   build_F103C8/simulation.o
FirstOrder_Update                                 build_F103C8/simulation.o
HardFault_Handler                                 build_F103C8/startup_stm32f103xb.o
I2C1_ER_IRQHandler                                build_F103C8/startup_stm32f103xb.o
I2C1_EV_IRQHandler                                build_F103C8/startup_stm32f103xb.o
I2C2_ER_IRQHandler                                build_F103C8/startup_stm32f103xb.o
I2C2_EV_IRQHandler                                build_F103C8/startup_stm32f103xb.o
MemManage_Handler                                 build_F103C8/startup_stm32f103xb.o
NMI_Handler                                       build_F103C8/startup_stm32f103xb.o
PVD_IRQHandler                                    build_F103C8/startup_stm32f103xb.o
PendSV_Handler                                    build_F103C8/startup_stm32f103xb.o
RCC_IRQHandler                                    build_F103C8/startup_stm32f103xb.o
RTC_Alarm_IRQHandler                              build_F103C8/startup_stm32f103xb.o
RTC_IRQHandler                                    build_F103C8/startup_stm32f103xb.o
Reset_Handler                                     build_F103C8/startup_stm32f103xb.o
SPI1_IRQHandler                                   build_F103C8/startup_stm32f103xb.o
SPI2_IRQHandler                                   build_F103C8/startup_stm32f103xb.o
SVC_Handler                                       build_F103C8/startup_stm32f103xb.o
SecondOrder_Init                                  build_F103C8/simulation.o
                                                  build_F103C8/main.o
SecondOrder_Update                                build_F103C8/simulation.o
                                                  build_F103C8/main.o
SysTick_Handler                                   build_F103C8/main.o
SysTick_Init                                      build_F103C8/main.o
SystemCoreClock                                   build_F103C8/system_stm32f1xx.o
SystemCoreClockUpdate                             build_F103C8/system_stm32f1xx.o
SystemInit                                        build_F103C8/system_stm32f1xx.o
                                                  build_F103C8/startup_stm32f103xb.o
TAMPER_IRQHandler                                 build_F103C8/startup_stm32f103xb.o
TIM1_BRK_IRQHandler                               build_F103C8/startup_stm32f103xb.o
TIM1_CC_IRQHandler                                build_F103C8/startup_stm32f103xb.o
TIM1_TRG_COM_IRQHandler                           build_F103C8/startup_stm32f103xb.o
TIM1_UP_IRQHandler                                build_F103C8/startup_stm32f103xb.o
TIM2_IRQHandler                                   build_F103C8/startup_stm32f103xb.o
TIM3_IRQHandler                                   build_F103C8/startup_stm32f103xb.o
TIM4_IRQHandler                                   build_F103C8/startup_stm32f103xb.o
USART1_IRQHandler                                 build_F103C8/startup_stm32f103xb.o
USART2_IRQHandler                                 build_F103C8/startup_stm32f103xb.o
USART3_IRQHandler                                 build_F103C8/startup_stm32f103xb.o
USBWakeUp_IRQHandler                              build_F103C8/startup_stm32f103xb.o
USB_HP_CAN1_TX_IRQHandler                         build_F103C8/startup_stm32f103xb.o
USB_LP_CAN1_RX0_IRQHandler                        build_F103C8/startup_stm32f103xb.o
UsageFault_Handler                                build_F103C8/startup_stm32f103xb.o
WWDG_IRQHandler                                   build_F103C8/startup_stm32f103xb.o
_Min_Stack_Size                                   build_F103C8/sysmem.o
__addsf3                                          D:/Programs/Education/STM32/Tools/Xpack/bin/../lib/gcc/arm-none-eabi/13.2.1/thumb/v7-m/nofp\libgcc.a(_arm_addsubsf3.o)
__aeabi_fadd                                      D:/Programs/Education/STM32/Tools/Xpack/bin/../lib/gcc/arm-none-eabi/13.2.1/thumb/v7-m/nofp\libgcc.a(_arm_addsubsf3.o)
                                                  build_F103C8/simulation.o
                                                  build_F103C8/main.o
__aeabi_fdiv                                      D:/Programs/Education/STM32/Tools/Xpack/bin/../lib/gcc/arm-none-eabi/13.2.1/thumb/v7-m/nofp\libgcc.a(_arm_muldivsf3.o)
                                                  build_F103C8/simulation.o
__aeabi_fmul                                      D:/Programs/Education/STM32/Tools/Xpack/bin/../lib/gcc/arm-none-eabi/13.2.1/thumb/v7-m/nofp\libgcc.a(_arm_muldivsf3.o)
                                                  D:/Programs/Education/STM32/Tools/Xpack/bin/../lib/gcc/arm-none-eabi/13.2.1/thumb/v7-m/nofp\libgcc.a(_arm_mulsf3.o)
                                                  build_F103C8/simulation.o
__aeabi_frsub                                     D:/Programs/Education/STM32/Tools/Xpack/bin/../lib/gcc/arm-none-eabi/13.2.1/thumb/v7-m/nofp\libgcc.a(_arm_addsubsf3.o)
__aeabi_fsub                                      D:/Programs/Education/STM32/Tools/Xpack/bin/../lib/gcc/arm-none-eabi/13.2.1/thumb/v7-m/nofp\libgcc.a(_arm_addsubsf3.o)
                                                  build_F103C8/simulation.o
__aeabi_i2f                                       D:/Programs/Education/STM32/Tools/Xpack/bin/../lib/gcc/arm-none-eabi/13.2.1/thumb/v7-m/nofp\libgcc.a(_arm_addsubsf3.o)
__aeabi_l2f                                       D:/Programs/Education/STM32/Tools/Xpack/bin/../lib/gcc/arm-none-eabi/13.2.1/thumb/v7-m/nofp\libgcc.a(_arm_addsubsf3.o)
__aeabi_ui2f                                      D:/Programs/Education/STM32/Tools/Xpack/bin/../lib/gcc/arm-none-eabi/13.2.1/thumb/v7-m/nofp\libgcc.a(_arm_addsubsf3.o)
__aeabi_ul2f                                      D:/Programs/Education/STM32/Tools/Xpack/bin/../lib/gcc/arm-none-eabi/13.2.1/thumb/v7-m/nofp\libgcc.a(_arm_addsubsf3.o)
__atexit                                          D:/Programs/Education/STM32/Tools/Xpack/bin/../lib/gcc/arm-none-eabi/13.2.1/../../../../arm-none-eabi/lib/thumb/v7-m/nofp\libc_nano.a(libc_a-__call_atexit.o)
                                                  D:/Programs/Education/STM32/Tools/Xpack/bin/../lib/gcc/arm-none-eabi/13.2.1/../../../../arm-none-eabi/lib/thumb/v7-m/nofp\libc_nano.a(libc_a-__atexit.o)
__atexit0                                         D:/Programs/Education/STM32/Tools/Xpack/bin/../lib/gcc/arm-none-eabi/13.2.1/../../../../arm-none-eabi/lib/thumb/v7-m/nofp\libc_nano.a(libc_a-__atexit.o)
__atexit_dummy                                    D:/Programs/Education/STM32/Tools/Xpack/bin/../lib/gcc/arm-none-eabi/13.2.1/../../../../arm-none-eabi/lib/thumb/v7-m/nofp\libc_nano.a(libc_a-__atexit.o)
__atexit_recursive_mutex                          D:/Programs/Education/STM32/Tools/Xpack/bin/../lib/gcc/arm-none-eabi/13.2.1/../../../../arm-none-eabi/lib/thumb/v7-m/nofp\libc_nano.a(libc_a-__call_atexit.o)
                                                  D:/Programs/Education/STM32/Tools/Xpack/bin/../lib/gcc/arm-none-eabi/13.2.1/../../../../arm-none-eabi/lib/thumb/v7-m/nofp\libc_nano.a(libc_a-__atexit.o)
__bss_end__                                       D:/Programs/Education/STM32/Tools/Xpack/bin/../lib/gcc/arm-none-eabi/13.2.1/../../../../arm-none-eabi/lib/thumb/v7-m/nofp/crt0.o
__bss_start__                                     D:/Programs/Education/STM32/Tools/Xpack/bin/../lib/gcc/arm-none-eabi/13.2.1/../../../../arm-none-eabi/lib/thumb/v7-m/nofp/crt0.o
__call_exitprocs                                  D:/Programs/Education/STM32/Tools/Xpack/bin/../lib/gcc/arm-none-eabi/13.2.1/../../../../arm-none-eabi/lib/thumb/v7-m/nofp\libc_nano.a(libc_a-__call_atexit.o)
                                                  D:/Programs/Education/STM32/Tools/Xpack/bin/../lib/gcc/arm-none-eabi/13.2.1/../../../../arm-none-eabi/lib/thumb/v7-m/nofp\libc_nano.a(libc_a-__atexit.o)
                                                  D:/Programs/Education/STM32/Tools/Xpack/bin/../lib/gcc/arm-none-eabi/13.2.1/../../../../arm-none-eabi/lib/thumb/v7-m/nofp\libc_nano.a(libc_a-exit.o)
__deregister_frame_info                           D:/Programs/Education/STM32/Tools/Xpack/bin/../lib/gcc/arm-none-eabi/13.2.1/thumb/v7-m/nofp/crtbegin.o
__divsf3                                          D:/Programs/Education/STM32/Tools/Xpack/bin/../lib/gcc/arm-none-eabi/13.2.1/thumb/v7-m/nofp\libgcc.a(_arm_muldivsf3.o)
__dso_handle                                      D:/Programs/Education/STM32/Tools/Xpack/bin/../lib/gcc/arm-none-eabi/13.2.1/thumb/v7-m/nofp/crtbegin.o
__env                                             build_F103C8/syscalls.o
__errno                                           D:/Programs/Education/STM32/Tools/Xpack/bin/../lib/gcc/arm-none-eabi/13.2.1/../../../../arm-none-eabi/lib/thumb/v7-m/nofp\libc_nano.a(libc_a-errno.o)
                                                  build_F103C8/sysmem.o
                                                  build_F103C8/syscalls.o
__fini_array_end                                  D:/Programs/Education/STM32/Tools/Xpack/bin/../lib/gcc/arm-none-eabi/13.2.1/../../../../arm-none-eabi/lib/thumb/v7-m/nofp\libc_nano.a(libc_a-fini.o)
__fini_array_start                                D:/Programs/Education/STM32/Tools/Xpack/bin/../lib/gcc/arm-none-eabi/13.2.1/../../../../arm-none-eabi/lib/thumb/v7-m/nofp\libc_nano.a(libc_a-fini.o)
__floatdisf                                       D:/Programs/Education/STM32/Tools/Xpack/bin/../lib/gcc/arm-none-eabi/13.2.1/thumb/v7-m/nofp\libgcc.a(_arm_addsubsf3.o)
__floatsisf                                       D:/Programs/Education/STM32/Tools/Xpack/bin/../lib/gcc/arm-none-eabi/13.2.1/thumb/v7-m/nofp\libgcc.a(_arm_addsubsf3.o)
__floatundisf                                     D:/Programs/Education/STM32/Tools/Xpack/bin/../lib/gcc/arm-none-eabi/13.2.1/thumb/v7-m/nofp\libgcc.a(_arm_addsubsf3.o)
__floatunsisf                                     D:/Programs/Education/STM32/Tools/Xpack/bin/../lib/gcc/arm-none-eabi/13.2.1/thumb/v7-m/nofp\libgcc.a(_arm_addsubsf3.o)
__fp_lock_all                                     D:/Programs/Education/STM32/Tools/Xpack/bin/../lib/gcc/arm-none-eabi/13.2.1/../../../../arm-none-eabi/lib/thumb/v7-m/nofp\libc_nano.a(libc_a-findfp.o)
__fp_unlock_all                                   D:/Programs/Education/STM32/Tools/Xpack/bin/../lib/gcc/arm-none-eabi/13.2.1/../../../../arm-none-eabi/lib/thumb/v7-m/nofp\libc_nano.a(libc_a-findfp.o)
__init_array_end                                  D:/Programs/Education/STM32/Tools/Xpack/bin/../lib/gcc/arm-none-eabi/13.2.1/../../../../arm-none-eabi/lib/thumb/v7-m/nofp\libc_nano.a(libc_a-init.o)
__init_array_start                                D:/Programs/Education/STM32/Tools/Xpack/bin/../lib/gcc/arm-none-eabi/13.2.1/../../../../arm-none-eabi/lib/thumb/v7-m/nofp\libc_nano.a(libc_a-init.o)
__io_getchar                                      build_F103C8/syscalls.o
__io_putchar                                      build_F103C8/syscalls.o
__libc_fini_array                                 D:/Programs/Education/STM32/Tools/Xpack/bin/../lib/gcc/arm-none-eabi/13.2.1/../../../../arm-none-eabi/lib/thumb/v7-m/nofp\libc_nano.a(libc_a-fini.o)
                                                  D:/Programs/Education/STM32/Tools/Xpack/bin/../lib/gcc/arm-none-eabi/13.2.1/../../../../arm-none-eabi/lib/thumb/v7-m/nofp/crt0.o
__libc_init_array                                 D:/Programs/Education/STM32/Tools/Xpack/bin/../lib/gcc/arm-none-eabi/13.2.1/../../../../arm-none-eabi/lib/thumb/v7-m/nofp\libc_nano.a(libc_a-init.o)
                                                  build_F103C8/startup_stm32f103xb.o
                                                  D:/Programs/Education/STM32/Tools/Xpack/bin/../lib/gcc/arm-none-eabi/13.2.1/../../../../arm-none-eabi/lib/thumb/v7-m/nofp/crt0.o
__lock___arc4random_mutex                         D:/Programs/Education/STM32/Tools/Xpack/bin/../lib/gcc/arm-none-eabi/13.2.1/../../../../arm-none-eabi/lib/thumb/v7-m/nofp\libc_nano.a(libc_a-lock.o)
__lock___at_quick_exit_mutex                      D:/Programs/Education/STM32/Tools/Xpack/bin/../lib/gcc/arm-none-eabi/13.2.1/../../../../arm-none-eabi/lib/thumb/v7-m/nofp\libc_nano.a(libc_a-lock.o)
__lock___atexit_recursive_mutex                   D:/Programs/Education/STM32/Tools/Xpack/bin/../lib/gcc/arm-none-eabi/13.2.1/../../../../arm-none-eabi/lib/thumb/v7-m/nofp\libc_nano.a(libc_a-lock.o)
                                                  D:/Programs/Education/STM32/Tools/Xpack/bin/../lib/gcc/arm-none-eabi/13.2.1/../../../../arm-none-eabi/lib/thumb/v7-m/nofp\libc_nano.a(libc_a-__call_atexit.o)
__lock___dd_hash_mutex                            D:/Programs/Education/STM32/Tools/Xpack/bin/../lib/gcc/arm-none-eabi/13.2.1/../../../../arm-none-eabi/lib/thumb/v7-m/nofp\libc_nano.a(libc_a-lock.o)
__lock___env_recursive_mutex                      D:/Programs/Education/STM32/Tools/Xpack/bin/../lib/gcc/arm-none-eabi/13.2.1/../../../../arm-none-eabi/lib/thumb/v7-m/nofp\libc_nano.a(libc_a-lock.o)
__lock___malloc_recursive_mutex                   D:/Programs/Education/STM32/Tools/Xpack/bin/../lib/gcc/arm-none-eabi/13.2.1/../../../../arm-none-eabi/lib/thumb/v7-m/nofp\libc_nano.a(libc_a-lock.o)
                                                  D:/Programs/Education/STM32/Tools/Xpack/bin/../lib/gcc/arm-none-eabi/13.2.1/../../../../arm-none-eabi/lib/thumb/v7-m/nofp\libc_nano.a(libc_a-mlock.o)
__lock___sfp_recursive_mutex                      D:/Programs/Education/STM32/Tools/Xpack/bin/../lib/gcc/arm-none-eabi/13.2.1/../../../../arm-none-eabi/lib/thumb/v7-m/nofp\libc_nano.a(libc_a-lock.o)
                                                  D:/Programs/Education/STM32/Tools/Xpack/bin/../lib/gcc/arm-none-eabi/13.2.1/../../../../arm-none-eabi/lib/thumb/v7-m/nofp\libc_nano.a(libc_a-findfp.o)
__lock___tz_mutex                                 D:/Programs/Education/STM32/Tools/Xpack/bin/../lib/gcc/arm-none-eabi/13.2.1/../../../../arm-none-eabi/lib/thumb/v7-m/nofp\libc_nano.a(libc_a-lock.o)
__malloc_free_list                                D:/Programs/Education/STM32/Tools/Xpack/bin/../lib/gcc/arm-none-eabi/13.2.1/../../../../arm-none-eabi/lib/thumb/v7-m/nofp\libc_nano.a(libc_a-mallocr.o)
                                                  D:/Programs/Education/STM32/Tools/Xpack/bin/../lib/gcc/arm-none-eabi/13.2.1/../../../../arm-none-eabi/lib/thumb/v7-m/nofp\libc_nano.a(libc_a-freer.o)
__malloc_lock                                     D:/Programs/Education/STM32/Tools/Xpack/bin/../lib/gcc/arm-none-eabi/13.2.1/../../../../arm-none-eabi/lib/thumb/v7-m/nofp\libc_nano.a(libc_a-mlock.o)
                                                  D:/Programs/Education/STM32/Tools/Xpack/bin/../lib/gcc/arm-none-eabi/13.2.1/../../../../arm-none-eabi/lib/thumb/v7-m/nofp\libc_nano.a(libc_a-mallocr.o)
                                                  D:/Programs/Education/STM32/Tools/Xpack/bin/../lib/gcc/arm-none-eabi/13.2.1/../../../../arm-none-eabi/lib/thumb/v7-m/nofp\libc_nano.a(libc_a-freer.o)
__malloc_sbrk_start                               D:/Programs/Education/STM32/Tools/Xpack/bin/../lib/gcc/arm-none-eabi/13.2.1/../../../../arm-none-eabi/lib/thumb/v7-m/nofp\libc_nano.a(libc_a-mallocr.o)
__malloc_unlock                                   D:/Programs/Education/STM32/Tools/Xpack/bin/../lib/gcc/arm-none-eabi/13.2.1/../../../../arm-none-eabi/lib/thumb/v7-m/nofp\libc_nano.a(libc_a-mlock.o)
                                                  D:/Programs/Education/STM32/Tools/Xpack/bin/../lib/gcc/arm-none-eabi/13.2.1/../../../../arm-none-eabi/lib/thumb/v7-m/nofp\libc_nano.a(libc_a-mallocr.o)
                                                  D:/Programs/Education/STM32/Tools/Xpack/bin/../lib/gcc/arm-none-eabi/13.2.1/../../../../arm-none-eabi/lib/thumb/v7-m/nofp\libc_nano.a(libc_a-freer.o)
__mulsf3                                          D:/Programs/Education/STM32/Tools/Xpack/bin/../lib/gcc/arm-none-eabi/13.2.1/thumb/v7-m/nofp\libgcc.a(_arm_muldivsf3.o)
                                                  D:/Programs/Education/STM32/Tools/Xpack/bin/../lib/gcc/arm-none-eabi/13.2.1/thumb/v7-m/nofp\libgcc.a(_arm_mulsf3.o)
__on_exit_args                                    D:/Programs/Education/STM32/Tools/Xpack/bin/../lib/gcc/arm-none-eabi/13.2.1/../../../../arm-none-eabi/lib/thumb/v7-m/nofp\libc_nano.a(libc_a-__atexit.o)
__preinit_array_end                               D:/Programs/Education/STM32/Tools/Xpack/bin/../lib/gcc/arm-none-eabi/13.2.1/../../../../arm-none-eabi/lib/thumb/v7-m/nofp\libc_nano.a(libc_a-init.o)
__preinit_array_start                             D:/Programs/Education/STM32/Tools/Xpack/bin/../lib/gcc/arm-none-eabi/13.2.1/../../../../arm-none-eabi/lib/thumb/v7-m/nofp\libc_nano.a(libc_a-init.o)
__register_exitproc                               D:/Programs/Education/STM32/Tools/Xpack/bin/../lib/gcc/arm-none-eabi/13.2.1/../../../../arm-none-eabi/lib/thumb/v7-m/nofp\libc_nano.a(libc_a-__atexit.o)
                                                  D:/Programs/Education/STM32/Tools/Xpack/bin/../lib/gcc/arm-none-eabi/13.2.1/../../../../arm-none-eabi/lib/thumb/v7-m/nofp\libc_nano.a(libc_a-atexit.o)
__register_frame_info                             D:/Programs/Education/STM32/Tools/Xpack/bin/../lib/gcc/arm-none-eabi/13.2.1/thumb/v7-m/nofp/crtbegin.o
__retarget_lock_acquire                           D:/Programs/Education/STM32/Tools/Xpack/bin/../lib/gcc/arm-none-eabi/13.2.1/../../../../arm-none-eabi/lib/thumb/v7-m/nofp\libc_nano.a(libc_a-lock.o)
__retarget_lock_acquire_recursive                 D:/Programs/Education/STM32/Tools/Xpack/bin/../lib/gcc/arm-none-eabi/13.2.1/../../../../arm-none-eabi/lib/thumb/v7-m/nofp\libc_nano.a(libc_a-lock.o)
                                                  D:/Programs/Education/STM32/Tools/Xpack/bin/../lib/gcc/arm-none-eabi/13.2.1/../../../../arm-none-eabi/lib/thumb/v7-m/nofp\libc_nano.a(libc_a-fflush.o)
                                                  D:/Programs/Education/STM32/Tools/Xpack/bin/../lib/gcc/arm-none-eabi/13.2.1/../../../../arm-none-eabi/lib/thumb/v7-m/nofp\libc_nano.a(libc_a-mlock.o)
                                                  D:/Programs/Education/STM32/Tools/Xpack/bin/../lib/gcc/arm-none-eabi/13.2.1/../../../../arm-none-eabi/lib/thumb/v7-m/nofp\libc_nano.a(libc_a-__call_atexit.o)
                                                  D:/Programs/Education/STM32/Tools/Xpack/bin/../lib/gcc/arm-none-eabi/13.2.1/../../../../arm-none-eabi/lib/thumb/v7-m/nofp\libc_nano.a(libc_a-__atexit.o)
                                                  D:/Programs/Education/STM32/Tools/Xpack/bin/../lib/gcc/arm-none-eabi/13.2.1/../../../../arm-none-eabi/lib/thumb/v7-m/nofp\libc_nano.a(libc_a-findfp.o)
__retarget_lock_close                             D:/Programs/Education/STM32/Tools/Xpack/bin/../lib/gcc/arm-none-eabi/13.2.1/../../../../arm-none-eabi/lib/thumb/v7-m/nofp\libc_nano.a(libc_a-lock.o)
__retarget_lock_close_recursive                   D:/Programs/Education/STM32/Tools/Xpack/bin/../lib/gcc/arm-none-eabi/13.2.1/../../../../arm-none-eabi/lib/thumb/v7-m/nofp\libc_nano.a(libc_a-lock.o)
__retarget_lock_init                              D:/Programs/Education/STM32/Tools/Xpack/bin/../lib/gcc/arm-none-eabi/13.2.1/../../../../arm-none-eabi/lib/thumb/v7-m/nofp\libc_nano.a(libc_a-lock.o)
__retarget_lock_init_recursive                    D:/Programs/Education/STM32/Tools/Xpack/bin/../lib/gcc/arm-none-eabi/13.2.1/../../../../arm-none-eabi/lib/thumb/v7-m/nofp\libc_nano.a(libc_a-lock.o)
                                                  D:/Programs/Education/STM32/Tools/Xpack/bin/../lib/gcc/arm-none-eabi/13.2.1/../../../../arm-none-eabi/lib/thumb/v7-m/nofp\libc_nano.a(libc_a-findfp.o)
__retarget_lock_release                           D:/Programs/Education/STM32/Tools/Xpack/bin/../lib/gcc/arm-none-eabi/13.2.1/../../../../arm-none-eabi/lib/thumb/v7-m/nofp\libc_nano.a(libc_a-lock.o)
__retarget_lock_release_recursive                 D:/Programs/Education/STM32/Tools/Xpack/bin/../lib/gcc/arm-none-eabi/13.2.1/../../../../arm-none-eabi/lib/thumb/v7-m/nofp\libc_nano.a(libc_a-lock.o)
                                                  D:/Programs/Education/STM32/Tools/Xpack/bin/../lib/gcc/arm-none-eabi/13.2.1/../../../../arm-none-eabi/lib/thumb/v7-m/nofp\libc_nano.a(libc_a-fflush.o)
                                                  D:/Programs/Education/STM32/Tools/Xpack/bin/../lib/gcc/arm-none-eabi/13.2.1/../../../../arm-none-eabi/lib/thumb/v7-m/nofp\libc_nano.a(libc_a-mlock.o)
                                                  D:/Programs/Education/STM32/Tools/Xpack/bin/../lib/gcc/arm-none-eabi/13.2.1/../../../../arm-none-eabi/lib/thumb/v7-m/nofp\libc_nano.a(libc_a-__call_atexit.o)
                                                  D:/Programs/Education/STM32/Tools/Xpack/bin/../lib/gcc/arm-none-eabi/13.2.1/../../../../arm-none-eabi/lib/thumb/v7-m/nofp\libc_nano.a(libc_a-__atexit.o)
                                                  D:/Programs/Education/STM32/Tools/Xpack/bin/../lib/gcc/arm-none-eabi/13.2.1/../../../../arm-none-eabi/lib/thumb/v7-m/nofp\libc_nano.a(libc_a-findfp.o)
__retarget_lock_try_acquire                       D:/Programs/Education/STM32/Tools/Xpack/bin/../lib/gcc/arm-none-eabi/13.2.1/../../../../arm-none-eabi/lib/thumb/v7-m/nofp\libc_nano.a(libc_a-lock.o)
__retarget_lock_try_acquire_recursive             D:/Programs/Education/STM32/Tools/Xpack/bin/../lib/gcc/arm-none-eabi/13.2.1/../../../../arm-none-eabi/lib/thumb/v7-m/nofp\libc_nano.a(libc_a-lock.o)
__sclose                                          D:/Programs/Education/STM32/Tools/Xpack/bin/../lib/gcc/arm-none-eabi/13.2.1/../../../../arm-none-eabi/lib/thumb/v7-m/nofp\libc_nano.a(libc_a-stdio.o)
                                                  D:/Programs/Education/STM32/Tools/Xpack/bin/../lib/gcc/arm-none-eabi/13.2.1/../../../../arm-none-eabi/lib/thumb/v7-m/nofp\libc_nano.a(libc_a-findfp.o)
__seofread                                        D:/Programs/Education/STM32/Tools/Xpack/bin/../lib/gcc/arm-none-eabi/13.2.1/../../../../arm-none-eabi/lib/thumb/v7-m/nofp\libc_nano.a(libc_a-stdio.o)
__sf                                              D:/Programs/Education/STM32/Tools/Xpack/bin/../lib/gcc/arm-none-eabi/13.2.1/../../../../arm-none-eabi/lib/thumb/v7-m/nofp\libc_nano.a(libc_a-findfp.o)
                                                  D:/Programs/Education/STM32/Tools/Xpack/bin/../lib/gcc/arm-none-eabi/13.2.1/../../../../arm-none-eabi/lib/thumb/v7-m/nofp\libc_nano.a(libc_a-impure.o)
__sflush_r                                        D:/Programs/Education/STM32/Tools/Xpack/bin/../lib/gcc/arm-none-eabi/13.2.1/../../../../arm-none-eabi/lib/thumb/v7-m/nofp\libc_nano.a(libc_a-fflush.o)
__sfp                                             D:/Programs/Education/STM32/Tools/Xpack/bin/../lib/gcc/arm-none-eabi/13.2.1/../../../../arm-none-eabi/lib/thumb/v7-m/nofp\libc_nano.a(libc_a-findfp.o)
__sfp_lock_acquire                                D:/Programs/Education/STM32/Tools/Xpack/bin/../lib/gcc/arm-none-eabi/13.2.1/../../../../arm-none-eabi/lib/thumb/v7-m/nofp\libc_nano.a(libc_a-findfp.o)
__sfp_lock_release                                D:/Programs/Education/STM32/Tools/Xpack/bin/../lib/gcc/arm-none-eabi/13.2.1/../../../../arm-none-eabi/lib/thumb/v7-m/nofp\libc_nano.a(libc_a-findfp.o)
__sglue                                           D:/Programs/Education/STM32/Tools/Xpack/bin/../lib/gcc/arm-none-eabi/13.2.1/../../../../arm-none-eabi/lib/thumb/v7-m/nofp\libc_nano.a(libc_a-findfp.o)
                                                  D:/Programs/Education/STM32/Tools/Xpack/bin/../lib/gcc/arm-none-eabi/13.2.1/../../../../arm-none-eabi/lib/thumb/v7-m/nofp\libc_nano.a(libc_a-fflush.o)
__sinit                                           D:/Programs/Education/STM32/Tools/Xpack/bin/../lib/gcc/arm-none-eabi/13.2.1/../../../../arm-none-eabi/lib/thumb/v7-m/nofp\libc_nano.a(libc_a-findfp.o)
                                                  D:/Programs/Education/STM32/Tools/Xpack/bin/../lib/gcc/arm-none-eabi/13.2.1/../../../../arm-none-eabi/lib/thumb/v7-m/nofp\libc_nano.a(libc_a-fflush.o)
__sread                                           D:/Programs/Education/STM32/Tools/Xpack/bin/../lib/gcc/arm-none-eabi/13.2.1/../../../../arm-none-eabi/lib/thumb/v7-m/nofp\libc_nano.a(libc_a-stdio.o)
                                                  D:/Programs/Education/STM32/Tools/Xpack/bin/../lib/gcc/arm-none-eabi/13.2.1/../../../../arm-none-eabi/lib/thumb/v7-m/nofp\libc_nano.a(libc_a-findfp.o)
__sseek                                           D:/Programs/Education/STM32/Tools/Xpack/bin/../lib/gcc/arm-none-eabi/13.2.1/../../../../arm-none-eabi/lib/thumb/v7-m/nofp\libc_nano.a(libc_a-stdio.o)
                                                  D:/Programs/Education/STM32/Tools/Xpack/bin/../lib/gcc/arm-none-eabi/13.2.1/../../../../arm-none-eabi/lib/thumb/v7-m/nofp\libc_nano.a(libc_a-findfp.o)
__stack                                           D:/Programs/Education/STM32/Tools/Xpack/bin/../lib/gcc/arm-none-eabi/13.2.1/../../../../arm-none-eabi/lib/thumb/v7-m/nofp/crt0.o
__stdio_exit_handler                              D:/Programs/Education/STM32/Tools/Xpack/bin/../lib/gcc/arm-none-eabi/13.2.1/../../../../arm-none-eabi/lib/thumb/v7-m/nofp\libc_nano.a(libc_a-findfp.o)
                                                  D:/Programs/Education/STM32/Tools/Xpack/bin/../lib/gcc/arm-none-eabi/13.2.1/../../../../arm-none-eabi/lib/thumb/v7-m/nofp\libc_nano.a(libc_a-exit.o)
__subsf3                                          D:/Programs/Education/STM32/Tools/Xpack/bin/../lib/gcc/arm-none-eabi/13.2.1/thumb/v7-m/nofp\libgcc.a(_arm_addsubsf3.o)
__swrite                                          D:/Programs/Education/STM32/Tools/Xpack/bin/../lib/gcc/arm-none-eabi/13.2.1/../../../../arm-none-eabi/lib/thumb/v7-m/nofp\libc_nano.a(libc_a-stdio.o)
                                                  D:/Programs/Education/STM32/Tools/Xpack/bin/../lib/gcc/arm-none-eabi/13.2.1/../../../../arm-none-eabi/lib/thumb/v7-m/nofp\libc_nano.a(libc_a-findfp.o)
_close                                            build_F103C8/syscalls.o
                                                  D:/Programs/Education/STM32/Tools/Xpack/bin/../lib/gcc/arm-none-eabi/13.2.1/../../../../arm-none-eabi/lib/thumb/v7-m/nofp\libc_nano.a(libc_a-closer.o)
_close_r                                          D:/Programs/Education/STM32/Tools/Xpack/bin/../lib/gcc/arm-none-eabi/13.2.1/../../../../arm-none-eabi/lib/thumb/v7-m/nofp\libc_nano.a(libc_a-closer.o)
                                                  D:/Programs/Education/STM32/Tools/Xpack/bin/../lib/gcc/arm-none-eabi/13.2.1/../../../../arm-none-eabi/lib/thumb/v7-m/nofp\libc_nano.a(libc_a-stdio.o)
_ebss                                             build_F103C8/startup_stm32f103xb.o
_edata                                            build_F103C8/startup_stm32f103xb.o
_end                                              build_F103C8/sysmem.o
_estack                                           build_F103C8/startup_stm32f103xb.o
                                                  build_F103C8/sysmem.o
_execve                                           build_F103C8/syscalls.o
_exit                                             build_F103C8/syscalls.o
                                                  D:/Programs/Education/STM32/Tools/Xpack/bin/../lib/gcc/arm-none-eabi/13.2.1/../../../../arm-none-eabi/lib/thumb/v7-m/nofp\libc_nano.a(libc_a-exit.o)
_fflush_r                                         D:/Programs/Education/STM32/Tools/Xpack/bin/../lib/gcc/arm-none-eabi/13.2.1/../../../../arm-none-eabi/lib/thumb/v7-m/nofp\libc_nano.a(libc_a-fflush.o)
                                                  D:/Programs/Education/STM32/Tools/Xpack/bin/../lib/gcc/arm-none-eabi/13.2.1/../../../../arm-none-eabi/lib/thumb/v7-m/nofp\libc_nano.a(libc_a-findfp.o)
_fini                                             D:/Programs/Education/STM32/Tools/Xpack/bin/../lib/gcc/arm-none-eabi/13.2.1/thumb/v7-m/nofp/crti.o
                                                  D:/Programs/Education/STM32/Tools/Xpack/bin/../lib/gcc/arm-none-eabi/13.2.1/../../../../arm-none-eabi/lib/thumb/v7-m/nofp\libc_nano.a(libc_a-fini.o)
_fork                                             build_F103C8/syscalls.o
_free_r                                           D:/Programs/Education/STM32/Tools/Xpack/bin/../lib/gcc/arm-none-eabi/13.2.1/../../../../arm-none-eabi/lib/thumb/v7-m/nofp\libc_nano.a(libc_a-freer.o)
                                                  D:/Programs/Education/STM32/Tools/Xpack/bin/../lib/gcc/arm-none-eabi/13.2.1/../../../../arm-none-eabi/lib/thumb/v7-m/nofp\libc_nano.a(libc_a-fflush.o)
                                                  D:/Programs/Education/STM32/Tools/Xpack/bin/../lib/gcc/arm-none-eabi/13.2.1/../../../../arm-none-eabi/lib/thumb/v7-m/nofp\libc_nano.a(libc_a-reent.o)
_fstat                                            build_F103C8/syscalls.o
_fwalk_sglue                                      D:/Programs/Education/STM32/Tools/Xpack/bin/../lib/gcc/arm-none-eabi/13.2.1/../../../../arm-none-eabi/lib/thumb/v7-m/nofp\libc_nano.a(libc_a-fwalk.o)
                                                  D:/Programs/Education/STM32/Tools/Xpack/bin/../lib/gcc/arm-none-eabi/13.2.1/../../../../arm-none-eabi/lib/thumb/v7-m/nofp\libc_nano.a(libc_a-fflush.o)
                                                  D:/Programs/Education/STM32/Tools/Xpack/bin/../lib/gcc/arm-none-eabi/13.2.1/../../../../arm-none-eabi/lib/thumb/v7-m/nofp\libc_nano.a(libc_a-findfp.o)
_getpid                                           build_F103C8/syscalls.o
_impure_data                                      D:/Programs/Education/STM32/Tools/Xpack/bin/../lib/gcc/arm-none-eabi/13.2.1/../../../../arm-none-eabi/lib/thumb/v7-m/nofp\libc_nano.a(libc_a-impure.o)
                                                  D:/Programs/Education/STM32/Tools/Xpack/bin/../lib/gcc/arm-none-eabi/13.2.1/../../../../arm-none-eabi/lib/thumb/v7-m/nofp\libc_nano.a(libc_a-fflush.o)
                                                  D:/Programs/Education/STM32/Tools/Xpack/bin/../lib/gcc/arm-none-eabi/13.2.1/../../../../arm-none-eabi/lib/thumb/v7-m/nofp\libc_nano.a(libc_a-findfp.o)
_impure_ptr                                       D:/Programs/Education/STM32/Tools/Xpack/bin/../lib/gcc/arm-none-eabi/13.2.1/../../../../arm-none-eabi/lib/thumb/v7-m/nofp\libc_nano.a(libc_a-impure.o)
                                                  D:/Programs/Education/STM32/Tools/Xpack/bin/../lib/gcc/arm-none-eabi/13.2.1/../../../../arm-none-eabi/lib/thumb/v7-m/nofp\libc_nano.a(libc_a-fflush.o)
                                                  D:/Programs/Education/STM32/Tools/Xpack/bin/../lib/gcc/arm-none-eabi/13.2.1/../../../../arm-none-eabi/lib/thumb/v7-m/nofp\libc_nano.a(libc_a-errno.o)
                                                  D:/Programs/Education/STM32/Tools/Xpack/bin/../lib/gcc/arm-none-eabi/13.2.1/../../../../arm-none-eabi/lib/thumb/v7-m/nofp\libc_nano.a(libc_a-reent.o)
_init                                             D:/Programs/Education/STM32/Tools/Xpack/bin/../lib/gcc/arm-none-eabi/13.2.1/thumb/v7-m/nofp/crti.o
                                                  D:/Programs/Education/STM32/Tools/Xpack/bin/../lib/gcc/arm-none-eabi/13.2.1/../../../../arm-none-eabi/lib/thumb/v7-m/nofp\libc_nano.a(libc_a-init.o)
_isatty                                           build_F103C8/syscalls.o
_kill                                             build_F103C8/syscalls.o
_link                                             build_F103C8/syscalls.o
_lseek                                            build_F103C8/syscalls.o
                                                  D:/Programs/Education/STM32/Tools/Xpack/bin/../lib/gcc/arm-none-eabi/13.2.1/../../../../arm-none-eabi/lib/thumb/v7-m/nofp\libc_nano.a(libc_a-lseekr.o)
_lseek_r                                          D:/Programs/Education/STM32/Tools/Xpack/bin/../lib/gcc/arm-none-eabi/13.2.1/../../../../arm-none-eabi/lib/thumb/v7-m/nofp\libc_nano.a(libc_a-lseekr.o)
                                                  D:/Programs/Education/STM32/Tools/Xpack/bin/../lib/gcc/arm-none-eabi/13.2.1/../../../../arm-none-eabi/lib/thumb/v7-m/nofp\libc_nano.a(libc_a-stdio.o)
_mainCRTStartup                                   D:/Programs/Education/STM32/Tools/Xpack/bin/../lib/gcc/arm-none-eabi/13.2.1/../../../../arm-none-eabi/lib/thumb/v7-m/nofp/crt0.o
_malloc_r                                         D:/Programs/Education/STM32/Tools/Xpack/bin/../lib/gcc/arm-none-eabi/13.2.1/../../../../arm-none-eabi/lib/thumb/v7-m/nofp\libc_nano.a(libc_a-mallocr.o)
                                                  D:/Programs/Education/STM32/Tools/Xpack/bin/../lib/gcc/arm-none-eabi/13.2.1/../../../../arm-none-eabi/lib/thumb/v7-m/nofp\libc_nano.a(libc_a-findfp.o)
_open                                             build_F103C8/syscalls.o
_read                                             build_F103C8/syscalls.o
                                                  D:/Programs/Education/STM32/Tools/Xpack/bin/../lib/gcc/arm-none-eabi/13.2.1/../../../../arm-none-eabi/lib/thumb/v7-m/nofp\libc_nano.a(libc_a-readr.o)
_read_r                                           D:/Programs/Education/STM32/Tools/Xpack/bin/../lib/gcc/arm-none-eabi/13.2.1/../../../../arm-none-eabi/lib/thumb/v7-m/nofp\libc_nano.a(libc_a-readr.o)
                                                  D:/Programs/Education/STM32/Tools/Xpack/bin/../lib/gcc/arm-none-eabi/13.2.1/../../../../arm-none-eabi/lib/thumb/v7-m/nofp\libc_nano.a(libc_a-stdio.o)
_reclaim_reent                                    D:/Programs/Education/STM32/Tools/Xpack/bin/../lib/gcc/arm-none-eabi/13.2.1/../../../../arm-none-eabi/lib/thumb/v7-m/nofp\libc_nano.a(libc_a-reent.o)
_sbrk                                             build_F103C8/sysmem.o
                                                  D:/Programs/Education/STM32/Tools/Xpack/bin/../lib/gcc/arm-none-eabi/13.2.1/../../../../arm-none-eabi/lib/thumb/v7-m/nofp\libc_nano.a(libc_a-sbrkr.o)
_sbrk_r                                           D:/Programs/Education/STM32/Tools/Xpack/bin/../lib/gcc/arm-none-eabi/13.2.1/../../../../arm-none-eabi/lib/thumb/v7-m/nofp\libc_nano.a(libc_a-sbrkr.o)
                                                  D:/Programs/Education/STM32/Tools/Xpack/bin/../lib/gcc/arm-none-eabi/13.2.1/../../../../arm-none-eabi/lib/thumb/v7-m/nofp\libc_nano.a(libc_a-mallocr.o)
_sbss                                             build_F103C8/startup_stm32f103xb.o
_sdata                                            build_F103C8/startup_stm32f103xb.o
_sidata                                           build_F103C8/startup_stm32f103xb.o
_stack_init                                       D:/Programs/Education/STM32/Tools/Xpack/bin/../lib/gcc/arm-none-eabi/13.2.1/../../../../arm-none-eabi/lib/thumb/v7-m/nofp/crt0.o
_start                                            D:/Programs/Education/STM32/Tools/Xpack/bin/../lib/gcc/arm-none-eabi/13.2.1/../../../../arm-none-eabi/lib/thumb/v7-m/nofp/crt0.o
_stat                                             build_F103C8/syscalls.o
_times                                            build_F103C8/syscalls.o
_unlink                                           build_F103C8/syscalls.o
_wait                                             build_F103C8/syscalls.o
_write                                            build_F103C8/syscalls.o
                                                  D:/Programs/Education/STM32/Tools/Xpack/bin/../lib/gcc/arm-none-eabi/13.2.1/../../../../arm-none-eabi/lib/thumb/v7-m/nofp\libc_nano.a(libc_a-writer.o)
_write_r                                          D:/Programs/Education/STM32/Tools/Xpack/bin/../lib/gcc/arm-none-eabi/13.2.1/../../../../arm-none-eabi/lib/thumb/v7-m/nofp\libc_nano.a(libc_a-writer.o)
                                                  D:/Programs/Education/STM32/Tools/Xpack/bin/../lib/gcc/arm-none-eabi/13.2.1/../../../../arm-none-eabi/lib/thumb/v7-m/nofp\libc_nano.a(libc_a-stdio.o)
atexit                                            D:/Programs/Education/STM32/Tools/Xpack/bin/../lib/gcc/arm-none-eabi/13.2.1/../../../../arm-none-eabi/lib/thumb/v7-m/nofp\libc_nano.a(libc_a-atexit.o)
                                                  D:/Programs/Education/STM32/Tools/Xpack/bin/../lib/gcc/arm-none-eabi/13.2.1/../../../../arm-none-eabi/lib/thumb/v7-m/nofp/crt0.o
current_output                                    build_F103C8/main.o
environ                                           build_F103C8/syscalls.o
errno                                             D:/Programs/Education/STM32/Tools/Xpack/bin/../lib/gcc/arm-none-eabi/13.2.1/../../../../arm-none-eabi/lib/thumb/v7-m/nofp\libc_nano.a(libc_a-reent.o)
                                                  D:/Programs/Education/STM32/Tools/Xpack/bin/../lib/gcc/arm-none-eabi/13.2.1/../../../../arm-none-eabi/lib/thumb/v7-m/nofp\libc_nano.a(libc_a-sbrkr.o)
                                                  D:/Programs/Education/STM32/Tools/Xpack/bin/../lib/gcc/arm-none-eabi/13.2.1/../../../../arm-none-eabi/lib/thumb/v7-m/nofp\libc_nano.a(libc_a-writer.o)
                                                  D:/Programs/Education/STM32/Tools/Xpack/bin/../lib/gcc/arm-none-eabi/13.2.1/../../../../arm-none-eabi/lib/thumb/v7-m/nofp\libc_nano.a(libc_a-readr.o)
                                                  D:/Programs/Education/STM32/Tools/Xpack/bin/../lib/gcc/arm-none-eabi/13.2.1/../../../../arm-none-eabi/lib/thumb/v7-m/nofp\libc_nano.a(libc_a-lseekr.o)
                                                  D:/Programs/Education/STM32/Tools/Xpack/bin/../lib/gcc/arm-none-eabi/13.2.1/../../../../arm-none-eabi/lib/thumb/v7-m/nofp\libc_nano.a(libc_a-closer.o)
exit                                              D:/Programs/Education/STM32/Tools/Xpack/bin/../lib/gcc/arm-none-eabi/13.2.1/../../../../arm-none-eabi/lib/thumb/v7-m/nofp\libc_nano.a(libc_a-exit.o)
                                                  D:/Programs/Education/STM32/Tools/Xpack/bin/../lib/gcc/arm-none-eabi/13.2.1/../../../../arm-none-eabi/lib/thumb/v7-m/nofp/crt0.o
fflush                                            D:/Programs/Education/STM32/Tools/Xpack/bin/../lib/gcc/arm-none-eabi/13.2.1/../../../../arm-none-eabi/lib/thumb/v7-m/nofp\libc_nano.a(libc_a-fflush.o)
g_pfnVectors                                      build_F103C8/startup_stm32f103xb.o
hardware_init_hook                                D:/Programs/Education/STM32/Tools/Xpack/bin/../lib/gcc/arm-none-eabi/13.2.1/../../../../arm-none-eabi/lib/thumb/v7-m/nofp/crt0.o
initialise_monitor_handles                        build_F103C8/syscalls.o
main                                              build_F103C8/main.o
                                                  build_F103C8/startup_stm32f103xb.o
                                                  D:/Programs/Education/STM32/Tools/Xpack/bin/../lib/gcc/arm-none-eabi/13.2.1/../../../../arm-none-eabi/lib/thumb/v7-m/nofp/crt0.o
malloc                                            D:/Programs/Education/STM32/Tools/Xpack/bin/../lib/gcc/arm-none-eabi/13.2.1/../../../../arm-none-eabi/lib/thumb/v7-m/nofp\libc_nano.a(libc_a-__atexit.o)
memset                                            D:/Programs/Education/STM32/Tools/Xpack/bin/../lib/gcc/arm-none-eabi/13.2.1/../../../../arm-none-eabi/lib/thumb/v7-m/nofp\libc_nano.a(libc_a-memset.o)
                                                  D:/Programs/Education/STM32/Tools/Xpack/bin/../lib/gcc/arm-none-eabi/13.2.1/../../../../arm-none-eabi/lib/thumb/v7-m/nofp\libc_nano.a(libc_a-findfp.o)
                                                  D:/Programs/Education/STM32/Tools/Xpack/bin/../lib/gcc/arm-none-eabi/13.2.1/../../../../arm-none-eabi/lib/thumb/v7-m/nofp/crt0.o
params                                            build_F103C8/main.o
simulation_time                                   build_F103C8/main.o
software_init_hook                                D:/Programs/Education/STM32/Tools/Xpack/bin/../lib/gcc/arm-none-eabi/13.2.1/../../../../arm-none-eabi/lib/thumb/v7-m/nofp/crt0.o
state                                             build_F103C8/main.o
